Two pers. walking trough image.
One pers. standing still.